// Jest Snapshot v1, https://goo.gl/fbAQLP

exports[`<Weather/> render the Weather Componenent 1`] = `
<div>
  <div
    class="container"
  >
    <div
      class="search"
    >
      <a
        class="back-link"
        href="/"
      >
        ← Home
      </a>
      <input
        data-testid="search-box"
        placeholder="Seach for a city..."
        type="text"
        value=""
      />
    </div>
    <div
      class="todays-forecast"
    >
      <h1
        data-testid="city-country"
      >
        Paris
         
        (FR)
      </h1>
      <section>
        <div
          class="temp-details"
        >
          <span
            class="temp-label"
          >
            Min.
          </span>
          <span
            class="min-temp"
            data-testid="min-temp"
          >
            °C
          </span>
        </div>
        <div
          class="temp-details"
        >
          <span
            class="temp-label"
          >
            Max.
          </span>
          <span
            class="max-temp"
            data-testid="max-temp"
          >
            °C
          </span>
        </div>
      </section>
    </div>
    <h1>
      ...Loading
    </h1>
  </div>
</div>
`;
